Fri, 05 Dec 2025 11:32:40 INFO     Logfile untitled_pedigree.log instantiated.
Fri, 05 Dec 2025 11:32:40 INFO     Preprocessing ../test_files/newfoundland.ped
Fri, 05 Dec 2025 11:32:40 INFO     Opening pedigree file ../test_files/newfoundland.ped
Fri, 05 Dec 2025 11:38:51 INFO     Logfile test_files/newfoundland.log instantiated.
Fri, 05 Dec 2025 11:38:51 INFO     Preprocessing test_files/newfoundland.ped
Fri, 05 Dec 2025 11:38:51 INFO     Opening pedigree file test_files/newfoundland.ped
Fri, 05 Dec 2025 11:41:57 INFO     Logfile test_files/newfoundland.log instantiated.
Fri, 05 Dec 2025 11:41:57 INFO     Preprocessing test_files/newfoundland.ped
Fri, 05 Dec 2025 11:41:57 INFO     Opening pedigree file test_files/newfoundland.ped
Fri, 05 Dec 2025 11:44:06 INFO     Logfile test_files/newfoundland.log instantiated.
Fri, 05 Dec 2025 11:44:06 INFO     Preprocessing test_files/newfoundland.ped
Fri, 05 Dec 2025 11:44:06 INFO     Opening pedigree file test_files/newfoundland.ped
Fri, 05 Dec 2025 11:44:06 INFO     Pedigree comment (line 1): # Pedigree of King von der Dussel taken from
Fri, 05 Dec 2025 11:44:06 INFO     Pedigree comment (line 2): # http://www.newfoundlanddog-database.net/ahnen.php?num=0000025330.
Fri, 05 Dec 2025 11:44:06 INFO     Pedigree comment (line 3): # Non-ASCII characters removed for convenience.
Fri, 05 Dec 2025 11:44:06 INFO     Records read: 1 
Fri, 05 Dec 2025 11:44:06 INFO     Records read: 1 
Fri, 05 Dec 2025 11:44:06 INFO     Records read: 1 
Fri, 05 Dec 2025 11:44:06 INFO     Records read: 1 
Fri, 05 Dec 2025 11:44:06 INFO     Records read: 1 
Fri, 05 Dec 2025 11:44:06 INFO     Records read: 1 
Fri, 05 Dec 2025 11:44:06 INFO     Records read: 1 
Fri, 05 Dec 2025 11:44:06 INFO     Records read: 1 
Fri, 05 Dec 2025 11:44:06 INFO     Records read: 1 
Fri, 05 Dec 2025 11:44:06 INFO     Records read: 1 
Fri, 05 Dec 2025 11:44:06 INFO     Records read: 1 
Fri, 05 Dec 2025 11:44:06 INFO     Records read: 1 
Fri, 05 Dec 2025 11:44:06 INFO     Records read: 1 
Fri, 05 Dec 2025 11:44:06 INFO     Records read: 1 
Fri, 05 Dec 2025 11:44:06 INFO     Records read: 1 
Fri, 05 Dec 2025 11:44:06 INFO     Records read: 1 
Fri, 05 Dec 2025 11:44:06 INFO     Records read: 1 
Fri, 05 Dec 2025 11:44:06 INFO     Records read: 1 
Fri, 05 Dec 2025 11:44:06 INFO     Records read: 1 
Fri, 05 Dec 2025 11:44:06 INFO     Records read: 1 
Fri, 05 Dec 2025 11:44:06 INFO     Records read: 1 
Fri, 05 Dec 2025 11:44:06 INFO     Records read: 1 
Fri, 05 Dec 2025 11:44:06 INFO     Records read: 1 
Fri, 05 Dec 2025 11:44:06 INFO     Records read: 1 
Fri, 05 Dec 2025 11:44:06 INFO     Records read: 1 
Fri, 05 Dec 2025 11:44:06 INFO     Records read: 1 
Fri, 05 Dec 2025 11:44:06 INFO     Records read: 1 
Fri, 05 Dec 2025 11:44:06 INFO     Records read: 1 
Fri, 05 Dec 2025 11:44:06 INFO     Records read: 1 
Fri, 05 Dec 2025 11:44:06 INFO     Records read: 1 
Fri, 05 Dec 2025 11:44:06 INFO     Reached end-of-line in test_files/newfoundland.ped after reading 33 lines.
Fri, 05 Dec 2025 11:44:06 INFO     Added pedigree entry for sire Highland Bear of Pouch Cove
Fri, 05 Dec 2025 11:44:06 INFO     Added pedigree entry for sire Schooners Yosef of Newton Ark
Fri, 05 Dec 2025 11:44:06 INFO     Added pedigree entry for sire Amitys Bearfoot of Pouch Cove
Fri, 05 Dec 2025 11:44:06 INFO     Added pedigree entry for sire Spokinewfs Cariboo Cowboy
Fri, 05 Dec 2025 11:44:06 INFO     Added pedigree entry for sire Nordbjorns Gringo
Fri, 05 Dec 2025 11:44:06 INFO     Added pedigree entry for sire Arvals Nordstrands Talisman
Fri, 05 Dec 2025 11:44:06 INFO     Added pedigree entry for sire Hector van het Heidemeer
Fri, 05 Dec 2025 11:44:06 INFO     Added pedigree entry for sire Fjordblinks Hakon
Fri, 05 Dec 2025 11:44:06 INFO     Added pedigree entry for sire Aaron van het Hoogveen
Fri, 05 Dec 2025 11:44:06 INFO     Added pedigree entry for sire Boedha van het Hoogveen
Fri, 05 Dec 2025 11:44:06 INFO     Added pedigree entry for sire Enrik von Luxemburg
Fri, 05 Dec 2025 11:44:06 INFO     Added pedigree entry for sire La Bellas Rigoletto
Fri, 05 Dec 2025 11:44:06 INFO     Added pedigree entry for sire As-Dur vom Weserwall
Fri, 05 Dec 2025 11:44:06 INFO     Added pedigree entry for sire Graaf Gabor van Overessinge
Fri, 05 Dec 2025 11:44:06 INFO     Added pedigree entry for sire Benno von Ammertal
Fri, 05 Dec 2025 11:44:06 INFO     Added pedigree entry for dam Ad Lib of Pouch Cove
Fri, 05 Dec 2025 11:44:06 INFO     Added pedigree entry for dam Souvenir of Pouch Cove
Fri, 05 Dec 2025 11:44:06 INFO     Added pedigree entry for dam Lifebuoys Penny of Bubbelina
Fri, 05 Dec 2025 11:44:06 INFO     Added pedigree entry for dam Jehaj Vilhelmina
Fri, 05 Dec 2025 11:44:06 INFO     Added pedigree entry for dam Black Domes Miss Caminickers
Fri, 05 Dec 2025 11:44:06 INFO     Added pedigree entry for dam Ellis-Bijou of the Thatch Roof
Fri, 05 Dec 2025 11:44:06 INFO     Added pedigree entry for dam Fenja vom Riesrand
Fri, 05 Dec 2025 11:44:06 INFO     Added pedigree entry for dam Gracia van de Papenhof
Fri, 05 Dec 2025 11:44:06 INFO     Added pedigree entry for dam Dukeroys Daphne
Fri, 05 Dec 2025 11:44:06 INFO     Added pedigree entry for dam Zarah von Luxemburg
Fri, 05 Dec 2025 11:44:06 INFO     Added pedigree entry for dam Frederikke
Fri, 05 Dec 2025 11:44:06 INFO     Added pedigree entry for dam Bonny vom Weserwall
Fri, 05 Dec 2025 11:44:06 INFO     Added pedigree entry for dam Fleur of the Coastguard
Fri, 05 Dec 2025 11:44:06 INFO     Added pedigree entry for dam Ina vom Forellenhof
Fri, 05 Dec 2025 11:44:06 INFO     Closing pedigree file
Fri, 05 Dec 2025 11:44:06 INFO     Assigning sexes
